
> frontend@0.1.0 build
> react-scripts build

node.exe : (node:1624) [DEP0176] DeprecationWarning: fs.F_OK is deprecated, use fs.constants.F_OK instead
At line:1 char:1
+ & "C:\Program Files\nodejs/node.exe" "C:\Program Files\nodejs/node_mo ...
+ ~~~~~~~~~~~~~~~~~~~~~~~~~~~~~~~~~~~~~~~~~~~~~~~~~~~~~~~~~~~~~~~~~~~~~
    + CategoryInfo          : NotSpecified: ((node:1624) [DE...ts.F_OK instead:String) [], RemoteException
    + FullyQualifiedErrorId : NativeCommandError
 
(Use `node --trace-deprecation ...` to show where the warning was created)
Creating an optimized production build...
Compiled with warnings.

[eslint] 
src\context\CartContext.js
  Line 25:6:  React Hook useEffect has a missing dependency: 'fetchCart'. Either include it or remove the dependency array  react-hooks/exhaustive-deps

src\screens\LoginScreen.js
  Line 51:6:  React Hook useEffect has a missing dependency: 'handleGoogleResponse'. Either include it or remove the dependency array  react-hooks/exhaustive-deps

src\screens\ProductScreen.js
  Line 109:9:  'renderStars' is assigned a value but never used  no-unused-vars

src\screens\RegisterScreen.js
  Line 16:11:  'register' is assigned a value but never used                                                                            no-unused-vars
  Line 71:6:   React Hook useEffect has a missing dependency: 'handleGoogleResponse'. Either include it or remove the dependency array  react-hooks/exhaustive-deps

src\screens\admin\AdminOrders.js
  Line 21:6:  React Hook useEffect has a missing dependency: 'headers'. Either include it or remove the dependency array  react-hooks/exhaustive-deps
  Line 31:9:  'statusColors' is assigned a value but never used                                                           no-unused-vars

src\screens\admin\AdminProducts.js
  Line 25:41:  React Hook useEffect has a missing dependency: 'fetchProducts'. Either include it or remove the dependency array  react-hooks/exhaustive-deps
  Line 40:6:   React Hook useEffect has a missing dependency: 'form.category'. Either include it or remove the dependency array  react-hooks/exhaustive-deps

src\screens\admin\AdminUsers.js
  Line 21:6:  React Hook useEffect has a missing dependency: 'headers'. Either include it or remove the dependency array  react-hooks/exhaustive-deps

Search for the keywords to learn more about each warning.
To ignore, add // eslint-disable-next-line to the line before.

File sizes after gzip:

  262.83 kB  build\static\js\main.149cde94.js
  33.06 kB   build\static\css\main.32e087da.css
  1.76 kB    build\static\js\453.03346f77.chunk.js

The project was built assuming it is hosted at /.
You can control this with the homepage field in your package.json.

The build folder is ready to be deployed.
You may serve it with a static server:

  npm install -g serve
  serve -s build

Find out more about deployment here:

  https://cra.link/deployment

